// Jest Snapshot v1, https://goo.gl/fbAQLP

exports[`should render correctly 1`] = `
<h1
  onClick={[Function]}
  onKeyDown={[Function]}
  tabIndex={0}
>
  Open Menu
</h1>
`;
